name: Flat
author: linjunhalida
version: 1.0
size: 50x25
snakelength: 2
food: 3
maxfoodvalue: 5
map:
..................................................
................................................S.
..................................................
..................................................
.............................................X....
..................................................
..................................................
..................................................
..................................................
..................................................
..................................................
.............WWWWWWWWWWWWWWWWWWWWW................
.............X...X...X...X...X...X................
.............WWWWWWWWWWWWWWWWWWWWW................
..................................................
..................................................
..................................................
..................................................
..................................................
..................................................
.............................................X....
..................................................
..................................................
................................................S.
..................................................
