name: Sample
author: Ray Ling
version: 1.0
size: 50x25
snakelength: 2
food: 3
maxfoodvalue: 5
map:
..................................................
................................................S.
..WWWWWWWWWWWWWWWWWWWWWWWWWWWWWWWWWWWWWWWWWWWWWW..
..W............................................W..
..W..........................................X.W..
..W............................................W..
..W...WWWWWWWWWWWWWWWWWWWWWWWWWWWWWWWWWWWWWW...W..
..W...W....................................W...W..
..W...W....................................W...W..
..W...W....................................W...W..
..W...W....W...WWWWW...WWWWW...WWWWW.......W...W..
..W...W....W...W...W...W...W...W...W.......W...W..
......W....W.X.W.X.W.X.W.X.W.X.W.X.W...........W..
..W...W....W...W...W...W...W...W...W.......W...W..
..W...W....WWWWW...WWWWW...WWWWW...WWWW....W...W..
..W...W....................................W...W..
..W...W....................................W...W..
..W...W....................................W...W..
..W...WWWWWWWWWWWWWWWWWWWWWWWWWWWWWWWWWWWWWW...W..
..W............................................W..
..W..........................................X.W..
..W............................................W..
..WWWWWWWWWWWWWWWWWWWWWWWWWWWWWWWWWWWWWWWWWWWWWW..
................................................S.
..................................................
