name: test
author: Ray Ling
snakelength: 5
version: 1.0
snake: 2
size: 50x25
map:
..................................................
..................................................
..................................................
........................................WW........
......................................WWW.........
......................................WWWWW.......
.........................W...........WW...........
.........................W...........WW...........
.........................W...........WW...........
.........................W........................
.....W............W......W........................
....WW...................W........................
................WWW...............................
................W.................................
................W.................................
................W.................................
................W.................................
................W.................................
................W.................................
..................................................
....W.............................................
....W.............................................
....W.............................................
WWW.W.............................................
WWWWW.............................................
